2025/08/07 19:21:46 INFO: Starting replication client master=localhost:6379
2025/08/07 19:21:46 DEBUG: Connecting to master addr=localhost:6379
2025/08/07 19:21:46 DEBUG: Set read timeout timeout=
2025/08/07 19:21:46 DEBUG: Set write timeout timeout=
2025/08/07 19:21:46 INFO: Connected to master
2025/08/07 19:21:46 INFO: Starting initial synchronization
2025/08/07 19:21:46 DEBUG: Performing full sync
2025/08/07 19:21:46 DEBUG: Reading RDB data stream
2025/08/07 19:21:46 DEBUG: Received RDB chunk size=
2025/08/07 19:21:46 DEBUG: RDB data reading completed totalSize= chunks=
2025/08/07 19:21:46 DEBUG: RDB aux field key=redis-ver value=7.2.10
2025/08/07 19:21:46 DEBUG: RDB aux field key=redis-bits value=úctimeÂÊü”húused-memÂ Q úrepl-stream-dbÀ úrepl-id(0c8ffa958
2025/08/07 19:21:46 DEBUG: RDB parsing completed
2025/08/07 19:21:46 DEBUG: RDB parsing completed
2025/08/07 19:21:47 INFO: Starting replication client master=localhost:6379
2025/08/07 19:21:47 INFO: Initial synchronization completed duration=
2025/08/07 19:21:47 DEBUG: Connecting to master addr=localhost:6379
2025/08/07 19:21:47 DEBUG: Set read timeout timeout=
2025/08/07 19:21:47 DEBUG: Set write timeout timeout=
2025/08/07 19:21:47 INFO: Connected to master
2025/08/07 19:21:47 INFO: Starting initial synchronization
2025/08/07 19:21:47 DEBUG: Performing full sync
2025/08/07 19:21:47 DEBUG: Reading RDB data stream
2025/08/07 19:21:47 DEBUG: Received RDB chunk size=
2025/08/07 19:21:47 DEBUG: RDB data reading completed totalSize= chunks=
2025/08/07 19:21:47 DEBUG: RDB aux field key=redis-ver value=7.2.10
2025/08/07 19:21:47 DEBUG: RDB aux field key=redis-bits value=úctimeÂËü”húused-memÂxª úrepl-stream-dbÀ úrepl-id(0c8ffa958
2025/08/07 19:21:47 DEBUG: RDB parsing completed
2025/08/07 19:21:47 DEBUG: RDB parsing completed
2025/08/07 19:21:47 INFO: Initial synchronization completed duration=
2025/08/07 19:21:47 DEBUG: Starting command streaming
2025/08/07 19:21:47 DEBUG: Starting command streaming
2025/08/07 19:21:59 INFO: Stopping replication client
--- FAIL: TestEndToEndWithRealRedis (15.78s)
    e2e_test.go:30: Running end-to-end test with Redis at localhost:6379
    e2e_test.go:61: ðŸš€ Starting replica...
    e2e_test.go:67: ðŸ“¡ Waiting for initial synchronization...
    e2e_test.go:51: âœ… Initial synchronization completed
    e2e_test.go:70: Initial sync completed successfully
    e2e_test.go:51: âœ… Initial synchronization completed
    e2e_test.go:82: Test 1: Setting keys in Redis master
    e2e_test.go:100: Verifying keys in replica...
    e2e_test.go:108: âœ… Key counter correctly replicated: 42
    e2e_test.go:108: âœ… Key user:123 correctly replicated: john_doe
    e2e_test.go:104: Key test:key1 not found in replica
    e2e_test.go:108: âœ… Key test:key2 correctly replicated: value2
    e2e_test.go:113: Test 2: Deleting keys in Redis master
    e2e_test.go:126: âœ… Key deletion correctly replicated
    e2e_test.go:130: Test 3: Testing large value replication
    e2e_test.go:148: âœ… Large value correctly replicated
    e2e_test.go:152: Test 4: Testing rapid updates
    e2e_test.go:175: âœ… Rapid updates correctly replicated
    e2e_test.go:179: Final replica status:
    e2e_test.go:180:   Connected: true
    e2e_test.go:181:   Commands processed: 17
    e2e_test.go:182:   Replication offset: 17
    e2e_test.go:186: Total keys in replica: 14
    e2e_test.go:187: Keys: [test:key2 rapid:update:3 rapid:update:5 rapid:update:6 rapid:update:7 rapid:update:8 rapid:update:9 counter user:123 large:value rapid:update:0 rapid:update:1 rapid:update:2 rapid:update:4]
FAIL
exit status 1
FAIL	github.com/raniellyferreira/redis-inmemory-replica	15.787s
